
> healtmed@0.0.0 build
> vite build

[36mvite v6.4.1 [32mbuilding for production...[36m[39m
transforming...
[32mÔ£ô[39m 1729 modules transformed.
node.exe : [31mÔ£ù[39m Build failed in 7.26s
No linha:1 caractere:1
+ & "D:\DOCUMENTOS DISCO C/node.exe" "D:\DOCUMENTOS DISCO C/node_module ...
+ ~~~~~~~~~~~~~~~~~~~~~~~~~~~~~~~~~~~~~~~~~~~~~~~~~~~~~~~~~~~~~~~~~~~~~
    + CategoryInfo          : NotSpecified: ([31mÔ£ù[39m Build failed in 7.26s:String) [], RemoteException
    + FullyQualifiedErrorId : NativeCommandError
 
[31merror during build:
[31m[vite:esbuild] Transform failed with 1 error:
D:/APLICATIVO/ERCMed/Easymed/services/repasseService.ts:244:0: ERROR: Unexpected "export"[31m
file: [36mD:/APLICATIVO/ERCMed/Easymed/services/repasseService.ts:244:0[31m
[33m
[33mUnexpected "export"[33m
242|              updatedAt: serverTimestamp()
243|          });
244|  export const deleteBillingRecord = async (billingId: string): Promise<boolean> => {
   |  ^
245|      try {
246|          const billingRef = doc(db, 'consultation_billing', billingId);
[31m
    at failureErrorWithLog (D:\APLICATIVO\ERCMed\Easymed\node_modules\esbuild\lib\main.js:1467:15)
    at D:\APLICATIVO\ERCMed\Easymed\node_modules\esbuild\lib\main.js:736:50
    at responseCallbacks.<computed> (D:\APLICATIVO\ERCMed\Easymed\node_modules\esbuild\lib\main.js:603:9)
    at handleIncomingPacket (D:\APLICATIVO\ERCMed\Easymed\node_modules\esbuild\lib\main.js:658:12)
    at Socket.readFromStdout (D:\APLICATIVO\ERCMed\Easymed\node_modules\esbuild\lib\main.js:581:7)
    at Socket.emit (node:events:508:28)
    at addChunk (node:internal/streams/readable:559:12)
    at readableAddChunkPushByteMode (node:internal/streams/readable:510:3)
    at Readable.push (node:internal/streams/readable:390:5)
    at Pipe.onStreamRead (node:internal/stream_base_commons:189:23)[39m
